Last login: Fri Jan 13 12:57:35 on ttys000
(base) jesusruiz@Jesuss-MacBook-Pro-3 ~ % echo "# firstrepository" >> README.md
(base) jesusruiz@Jesuss-MacBook-Pro-3 ~ % git init
Initialized empty Git repository in /Users/jesusruiz/.git/
(base) jesusruiz@Jesuss-MacBook-Pro-3 ~ % git add README.md
(base) jesusruiz@Jesuss-MacBook-Pro-3 ~ % git commit -m "first commit"
[main (root-commit) ac71ab7] first commit
 1 file changed, 1 insertion(+)
 create mode 100644 README.md
(base) jesusruiz@Jesuss-MacBook-Pro-3 ~ % git branch -M main
(base) jesusruiz@Jesuss-MacBook-Pro-3 ~ % git remote add origin https://github.com/zues00/firstrepository.git
(base) jesusruiz@Jesuss-MacBook-Pro-3 ~ % git push -u origin main
Username for 'https://github.com': zues00
Password for 'https://zues00@github.com': 
remote: Support for password authentication was removed on August 13, 2021.
remote: Please see https://docs.github.com/en/get-started/getting-started-with-git/about-remote-repositories#cloning-with-https-urls for information on currently recommended modes of authentication.
fatal: Authentication failed for 'https://github.com/zues00/firstrepository.git/'
(base) jesusruiz@Jesuss-MacBook-Pro-3 ~ % echo "# firstrepository" >> README.md
(base) jesusruiz@Jesuss-MacBook-Pro-3 ~ % git init
Reinitialized existing Git repository in /Users/jesusruiz/.git/
(base) jesusruiz@Jesuss-MacBook-Pro-3 ~ % git add README.md
(base) jesusruiz@Jesuss-MacBook-Pro-3 ~ % git commit -m "first commit"
[main 150edaf] first commit
 1 file changed, 1 insertion(+)
(base) jesusruiz@Jesuss-MacBook-Pro-3 ~ % git branch -M main
(base) jesusruiz@Jesuss-MacBook-Pro-3 ~ % git remote add origin git@github.com:zues00/firstrepository.git
error: remote origin already exists.
(base) jesusruiz@Jesuss-MacBook-Pro-3 ~ % git remote remove origin    
(base) jesusruiz@Jesuss-MacBook-Pro-3 ~ % git remote add origin git@github.com:zues00/firstrepository.git
(base) jesusruiz@Jesuss-MacBook-Pro-3 ~ % git push -u origin main
The authenticity of host 'github.com (192.30.255.112)' can't be established.
ED25519 key fingerprint is SHA256:+DiY3wvvV6TuJJhbpZisF/zLDA0zPMSvHdkr4UvCOqU.
This key is not known by any other names
Are you sure you want to continue connecting (yes/no/[fingerprint])? yes
Warning: Permanently added 'github.com' (ED25519) to the list of known hosts.
Enter passphrase for key '/Users/jesusruiz/.ssh/id_ed25519': 
Enumerating objects: 6, done.
Counting objects: 100% (6/6), done.
Delta compression using up to 8 threads
Compressing objects: 100% (2/2), done.
Writing objects: 100% (6/6), 453 bytes | 453.00 KiB/s, done.
Total 6 (delta 0), reused 0 (delta 0), pack-reused 0
To github.com:zues00/firstrepository.git
 * [new branch]      main -> main
branch 'main' set up to track 'origin/main'.
(base) jesusruiz@Jesuss-MacBook-Pro-3 ~ % git brance aboutME
git: 'brance' is not a git command. See 'git --help'.

The most similar command is
	branch
(base) jesusruiz@Jesuss-MacBook-Pro-3 ~ % git branch aboutMe
(base) jesusruiz@Jesuss-MacBook-Pro-3 ~ % git checkout aboutMe
Switched to branch 'aboutMe'
(base) jesusruiz@Jesuss-MacBook-Pro-3 ~ % mkdir aboutMe
(base) jesusruiz@Jesuss-MacBook-Pro-3 ~ % cd aboutMe
(base) jesusruiz@Jesuss-MacBook-Pro-3 aboutMe % echo "#Jesus" >> README.md
(base) jesusruiz@Jesuss-MacBook-Pro-3 aboutMe % nano README.md

  UW PICO 5.09                                                File: README.md                                                 Modified  

# Jesus
   
I am a ECE major planning to focus on embedded systems
I am passionate about fitness, soccer, and hiking






















^G Get Help           ^O WriteOut           ^R Read File          ^Y Prev Pg            ^K Cut Text           ^C Cur Pos            
^X Exit               ^J Justify            ^W Where is           ^V Next Pg            ^U UnCut Text         ^T To Spell           
